###############################################################################
#
# IAR ELF Linker V7.80.4.12462/W32 for ARM                26/Nov/2019  21:36:02
# Copyright 2007-2017 IAR Systems AB.
#
#    Output file  =  
#        C:\Users\hhh\Desktop\新建文件夹
#        (2)\程序\程序\Prj\IAR\FX15_Debug\Exe\vcan_Kinetis.out
#    Map file     =  
#        C:\Users\hhh\Desktop\新建文件夹
#        (2)\程序\程序\Prj\IAR\FX15_Debug\List\vcan_Kinetis.map
#    Command line =  
#        "C:\Users\hhh\Desktop\新建文件夹
#        (2)\程序\程序\Prj\IAR\FX15_Debug\Obj\diskio.o"
#        "C:\Users\hhh\Desktop\新建文件夹
#        (2)\程序\程序\Prj\IAR\FX15_Debug\Obj\ff.o"
#        "C:\Users\hhh\Desktop\新建文件夹
#        (2)\程序\程序\Prj\IAR\FX15_Debug\Obj\main.o"
#        "C:\Users\hhh\Desktop\新建文件夹
#        (2)\程序\程序\Prj\IAR\FX15_Debug\Obj\misc.o"
#        "C:\Users\hhh\Desktop\新建文件夹
#        (2)\程序\程序\Prj\IAR\FX15_Debug\Obj\MK60_adc.o"
#        "C:\Users\hhh\Desktop\新建文件夹
#        (2)\程序\程序\Prj\IAR\FX15_Debug\Obj\MK60_can.o"
#        "C:\Users\hhh\Desktop\新建文件夹
#        (2)\程序\程序\Prj\IAR\FX15_Debug\Obj\MK60_conf.o"
#        "C:\Users\hhh\Desktop\新建文件夹
#        (2)\程序\程序\Prj\IAR\FX15_Debug\Obj\MK60_dac.o"
#        "C:\Users\hhh\Desktop\新建文件夹
#        (2)\程序\程序\Prj\IAR\FX15_Debug\Obj\MK60_dma.o"
#        "C:\Users\hhh\Desktop\新建文件夹
#        (2)\程序\程序\Prj\IAR\FX15_Debug\Obj\MK60_DWT.o"
#        "C:\Users\hhh\Desktop\新建文件夹
#        (2)\程序\程序\Prj\IAR\FX15_Debug\Obj\MK60_flash.o"
#        "C:\Users\hhh\Desktop\新建文件夹
#        (2)\程序\程序\Prj\IAR\FX15_Debug\Obj\MK60_flexbus.o"
#        "C:\Users\hhh\Desktop\新建文件夹
#        (2)\程序\程序\Prj\IAR\FX15_Debug\Obj\MK60_ftm.o"
#        "C:\Users\hhh\Desktop\新建文件夹
#        (2)\程序\程序\Prj\IAR\FX15_Debug\Obj\MK60_gpio.o"
#        "C:\Users\hhh\Desktop\新建文件夹
#        (2)\程序\程序\Prj\IAR\FX15_Debug\Obj\MK60_i2c.o"
#        "C:\Users\hhh\Desktop\新建文件夹
#        (2)\程序\程序\Prj\IAR\FX15_Debug\Obj\MK60_it.o"
#        "C:\Users\hhh\Desktop\新建文件夹
#        (2)\程序\程序\Prj\IAR\FX15_Debug\Obj\MK60_lptmr.o"
#        "C:\Users\hhh\Desktop\新建文件夹
#        (2)\程序\程序\Prj\IAR\FX15_Debug\Obj\MK60_mcg.o"
#        "C:\Users\hhh\Desktop\新建文件夹
#        (2)\程序\程序\Prj\IAR\FX15_Debug\Obj\MK60_PIT.o"
#        "C:\Users\hhh\Desktop\新建文件夹
#        (2)\程序\程序\Prj\IAR\FX15_Debug\Obj\MK60_port.o"
#        "C:\Users\hhh\Desktop\新建文件夹
#        (2)\程序\程序\Prj\IAR\FX15_Debug\Obj\MK60_rtc.o"
#        "C:\Users\hhh\Desktop\新建文件夹
#        (2)\程序\程序\Prj\IAR\FX15_Debug\Obj\MK60_sdhc.o"
#        "C:\Users\hhh\Desktop\新建文件夹
#        (2)\程序\程序\Prj\IAR\FX15_Debug\Obj\MK60_spi.o"
#        "C:\Users\hhh\Desktop\新建文件夹
#        (2)\程序\程序\Prj\IAR\FX15_Debug\Obj\MK60_SysTick.o"
#        "C:\Users\hhh\Desktop\新建文件夹
#        (2)\程序\程序\Prj\IAR\FX15_Debug\Obj\MK60_uart.o"
#        "C:\Users\hhh\Desktop\新建文件夹
#        (2)\程序\程序\Prj\IAR\FX15_Debug\Obj\MK60_usb.o"
#        "C:\Users\hhh\Desktop\新建文件夹
#        (2)\程序\程序\Prj\IAR\FX15_Debug\Obj\MK60_wdog.o"
#        "C:\Users\hhh\Desktop\新建文件夹
#        (2)\程序\程序\Prj\IAR\FX15_Debug\Obj\startup_MK60DZ10.o"
#        "C:\Users\hhh\Desktop\新建文件夹
#        (2)\程序\程序\Prj\IAR\FX15_Debug\Obj\system_MK60DZ10.o"
#        "C:\Users\hhh\Desktop\新建文件夹
#        (2)\程序\程序\Prj\IAR\FX15_Debug\Obj\USB.o"
#        "C:\Users\hhh\Desktop\新建文件夹
#        (2)\程序\程序\Prj\IAR\FX15_Debug\Obj\USB_CDC.o"
#        "C:\Users\hhh\Desktop\新建文件夹
#        (2)\程序\程序\Prj\IAR\FX15_Debug\Obj\VCAN_ASCII.o"
#        "C:\Users\hhh\Desktop\新建文件夹
#        (2)\程序\程序\Prj\IAR\FX15_Debug\Obj\VCAN_BMP.o"
#        "C:\Users\hhh\Desktop\新建文件夹
#        (2)\程序\程序\Prj\IAR\FX15_Debug\Obj\VCAN_camera.o"
#        "C:\Users\hhh\Desktop\新建文件夹
#        (2)\程序\程序\Prj\IAR\FX15_Debug\Obj\VCAN_computer.o"
#        "C:\Users\hhh\Desktop\新建文件夹
#        (2)\程序\程序\Prj\IAR\FX15_Debug\Obj\vcan_img2sd.o"
#        "C:\Users\hhh\Desktop\新建文件夹
#        (2)\程序\程序\Prj\IAR\FX15_Debug\Obj\VCAN_key.o"
#        "C:\Users\hhh\Desktop\新建文件夹
#        (2)\程序\程序\Prj\IAR\FX15_Debug\Obj\VCAN_key_event.o"
#        "C:\Users\hhh\Desktop\新建文件夹
#        (2)\程序\程序\Prj\IAR\FX15_Debug\Obj\VCAN_LCD.o"
#        "C:\Users\hhh\Desktop\新建文件夹
#        (2)\程序\程序\Prj\IAR\FX15_Debug\Obj\VCAN_LCD_CH.o"
#        "C:\Users\hhh\Desktop\新建文件夹
#        (2)\程序\程序\Prj\IAR\FX15_Debug\Obj\VCAN_LCD_ILI9325.o"
#        "C:\Users\hhh\Desktop\新建文件夹
#        (2)\程序\程序\Prj\IAR\FX15_Debug\Obj\VCAN_LCD_ILI9341.o"
#        "C:\Users\hhh\Desktop\新建文件夹
#        (2)\程序\程序\Prj\IAR\FX15_Debug\Obj\VCAN_LCD_ST7735R.o"
#        "C:\Users\hhh\Desktop\新建文件夹
#        (2)\程序\程序\Prj\IAR\FX15_Debug\Obj\VCAN_LCD_ST7735S.o"
#        "C:\Users\hhh\Desktop\新建文件夹
#        (2)\程序\程序\Prj\IAR\FX15_Debug\Obj\VCAN_LED.o"
#        "C:\Users\hhh\Desktop\新建文件夹
#        (2)\程序\程序\Prj\IAR\FX15_Debug\Obj\VCAN_MMA7455.o"
#        "C:\Users\hhh\Desktop\新建文件夹
#        (2)\程序\程序\Prj\IAR\FX15_Debug\Obj\VCAN_NRF24L0.o"
#        "C:\Users\hhh\Desktop\新建文件夹
#        (2)\程序\程序\Prj\IAR\FX15_Debug\Obj\VCAN_NRF24L0_MSG.o"
#        "C:\Users\hhh\Desktop\新建文件夹
#        (2)\程序\程序\Prj\IAR\FX15_Debug\Obj\VCAN_OV7725_Eagle.o"
#        "C:\Users\hhh\Desktop\新建文件夹
#        (2)\程序\程序\Prj\IAR\FX15_Debug\Obj\VCAN_OV7725_Wolf.o"
#        "C:\Users\hhh\Desktop\新建文件夹
#        (2)\程序\程序\Prj\IAR\FX15_Debug\Obj\VCAN_RTC_count.o"
#        "C:\Users\hhh\Desktop\新建文件夹
#        (2)\程序\程序\Prj\IAR\FX15_Debug\Obj\VCAN_SCCB.o"
#        "C:\Users\hhh\Desktop\新建文件夹
#        (2)\程序\程序\Prj\IAR\FX15_Debug\Obj\vcan_sd_app.o"
#        "C:\Users\hhh\Desktop\新建文件夹
#        (2)\程序\程序\Prj\IAR\FX15_Debug\Obj\Vcan_touch.o"
#        "C:\Users\hhh\Desktop\新建文件夹
#        (2)\程序\程序\Prj\IAR\FX15_Debug\Obj\VCAN_TSL1401.o"
#        "C:\Users\hhh\Desktop\新建文件夹
#        (2)\程序\程序\Prj\IAR\FX15_Debug\Obj\VCAN_UI_VAR.o"
#        "C:\Users\hhh\Desktop\新建文件夹
#        (2)\程序\程序\Prj\IAR\FX15_Debug\Obj\vectors.o" --redirect
#        _Printf=_PrintfLargeNoMb --redirect _Scanf=_ScanfLargeNoMb -o
#        "C:\Users\hhh\Desktop\新建文件夹
#        (2)\程序\程序\Prj\IAR\FX15_Debug\Exe\vcan_Kinetis.out" --map
#        "C:\Users\hhh\Desktop\新建文件夹
#        (2)\程序\程序\Prj\IAR\FX15_Debug\List\vcan_Kinetis.map" --config
#        "C:\Users\hhh\Desktop\新建文件夹 (2)\程序\程序\Prj\IAR\config
#        files\vcan_ROM_K60X512.icf" "C:\Users\hhh\Desktop\新建文件夹
#        (2)\程序\程序\Prj\IAR\..\..\Lib\CMSIS\iar_cortexM4l_math.a" --entry
#        __iar_program_start --redirect __write=__write_buffered --vfe
#
###############################################################################

*******************************************************************************
*** RUNTIME MODEL ATTRIBUTES
***

CppFlavor       = *
__SystemLibrary = DLib


*******************************************************************************
*** PLACEMENT SUMMARY
***

"A0":  place at 0x00000000 { ro section .intvec };
"A1":  place at 0x00000410 { ro section .noinit };
"P1":  place in [from 0x00000000 to 0x00080000] |
                [from 0x10000000 to 0x1007ffff] { ro, block CodeRelocate };
"P2":  place in [from 0x1fff0410 to 0x20010000] {
          rw, block CodeRelocateRam, block CSTACK, block HEAP };
initialize manually with packing = copy, complex ranges { rw };
initialize manually with packing = copy, complex ranges { section .data };
initialize manually with packing = copy, complex ranges { section .textrw };

  Section              Kind        Address    Size  Object
  -------              ----        -------    ----  ------
"A0":                                        0x410
  .intvec              const    0x00000000   0x410  vectors.o [1]
                              - 0x00000410   0x410

"A1":                                          0x8
  .noinit              ro code  0x00000410     0x8  startup_MK60DZ10.o [1]
                              - 0x00000418     0x8

"P1":                                       0xcdcc
  .text                ro code  0x00000418  0x5878  main.o [1]
  .text                ro code  0x00005c90   0x5e8  MK60_ftm.o [1]
  .text                ro code  0x00006278   0x2b8  MK60_adc.o [1]
  .text                ro code  0x00006530   0x128  MK60_gpio.o [1]
  .text                ro code  0x00006658    0x9c  VCAN_key.o [1]
  .text                ro code  0x000066f4    0x7c  MK60_PIT.o [1]
  .text                ro code  0x00006770    0x50  misc.o [1]
  .text                ro code  0x000067c0   0x2a8  MK60_uart.o [1]
  .text                ro code  0x00006a68   0x362  VCAN_SCCB.o [1]
  .rodata              const    0x00006dca     0x2  VCAN_camera.o [1]
  .text                ro code  0x00006dcc   0x634  VCAN_LCD.o [1]
  .text                ro code  0x00007400   0x234  VCAN_OV7725_Eagle.o [1]
  .text                ro code  0x00007634    0x94  VCAN_camera.o [1]
  .text                ro code  0x000076c8    0x32  I32ToFlt.o [4]
  .text                ro code  0x000076fc    0xd8  FltMul.o [4]
  .text                ro code  0x000077d4    0x84  FltAdd.o [4]
  .text                ro code  0x00007858    0x44  FltToS32.o [4]
  .text                ro code  0x0000789c    0x30  I32ToDbl.o [4]
  .text                ro code  0x000078cc   0x1a2  DblMul.o [4]
  .text                ro code  0x00007a70    0x58  DblToI32.o [4]
  .text                ro code  0x00007ac8    0x24  FltCmpLe.o [4]
  .text                ro code  0x00007aec    0xe6  FltSub.o [4]
  .text                ro code  0x00007bd4    0xfc  FltDiv.o [4]
  .text                ro code  0x00007cd0    0xe8  DblAdd.o [4]
  .text                ro code  0x00007db8   0x256  DblDiv.o [4]
  .text                ro code  0x00008010    0x90  DblToFlt.o [4]
  .text                ro code  0x000080a0    0x4e  FltToDbl.o [4]
  .text                ro code  0x000080f0   0x180  DblSub.o [4]
  .text                ro code  0x00008270    0x2e  DblCmpGe.o [4]
  .text                ro code  0x000082a0    0x2e  DblCmpLe.o [4]
  .text                ro code  0x000082d0    0x24  FltCmpGe.o [4]
  .text                ro code  0x000082f4    0x94  atan.o [4]
  .text                ro code  0x00008388    0xb8  MK60_port.o [1]
  Veneer               ro code  0x00008440     0x8  - Linker created -
  Veneer               ro code  0x00008448     0x8  - Linker created -
  .text                ro code  0x00008450   0x144  MK60_conf.o [1]
  .text                ro code  0x00008594    0x64  MK60_SysTick.o [1]
  .text                ro code  0x000085f8  0x1c2c  VCAN_LCD_ST7735S.o [1]
  .text                ro code  0x0000a224   0x244  MK60_dma.o [1]
  .text                ro code  0x0000a468    0x24  printf.o [3]
  .rodata              const    0x0000a48c    0x4c  VCAN_LCD_ST7735S.o [1]
  .text                ro code  0x0000a4d8   0x1e0  xatan.o [4]
  .text                ro code  0x0000a6b8    0x70  VCAN_LED.o [1]
  .text                ro code  0x0000a728   0xc1a  xprintflarge_nomb.o [3]
  .text                ro code  0x0000b344    0x16  strchr.o [5]
  .text                ro code  0x0000b35c    0x36  strlen.o [5]
  .text                ro code  0x0000b394    0x58  memchr.o [5]
  .text                ro code  0x0000b3ec    0xee  I64DivMod.o [5]
  .text                ro code  0x0000b4dc    0x76  ABImemcpy_unaligned.o [5]
  .text                ro code  0x0000b552    0x44  xdnorm.o [4]
  .text                ro code  0x0000b598    0x6c  localeconv.o [3]
  .text                ro code  0x0000b604     0xe  div.o [3]
  .text                ro code  0x0000b614     0x2  I64DivZer.o [5]
  .text                ro code  0x0000b616     0x2  xtls.o [3]
  .data_init                    0x0000b618   0x948  <Block>
    Initializer bytes  const    0x0000b618   0x948  <for .data-1>
  .rodata              const    0x0000bf60   0x600  VCAN_ASCII.o [1]
  Veneer               ro code  0x0000c560     0x8  - Linker created -
  .text                ro code  0x0000c568   0x3d4  MK60_mcg.o [1]
  CodeRelocate                  0x0000c93c   0x1f0  <Block>
    Initializer bytes  const    0x0000c93c   0x1f0  <for CodeRelocateRam-1>
  .text                ro code  0x0000cb2c   0x140  system_MK60DZ10.o [1]
  .text                ro code  0x0000cc6c    0x40  MK60_wdog.o [1]
  .rodata              const    0x0000ccac    0x48  MK60_SysTick.o [1]
  .rodata              const    0x0000ccf4    0x44  MK60_adc.o [1]
  .rodata              const    0x0000cd38    0x44  MK60_dma.o [1]
  .rodata              const    0x0000cd7c    0x44  MK60_flash.o [1]
  .rodata              const    0x0000cdc0    0x44  MK60_ftm.o [1]
  .rodata              const    0x0000ce04    0x44  MK60_gpio.o [1]
  .rodata              const    0x0000ce48    0x44  MK60_PIT.o [1]
  .rodata              const    0x0000ce8c    0x44  MK60_uart.o [1]
  .rodata              const    0x0000ced0    0x40  misc.o [1]
  .text                ro code  0x0000cf10    0x40  zero_init3.o [5]
  .rodata              const    0x0000cf50    0x3c  MK60_conf.o [1]
  .text                ro code  0x0000cf8c    0x28  data_init.o [5]
  .rodata              const    0x0000cfb4    0x24  MK60_conf.o [1]
  .rodata              const    0x0000cfd8    0x24  VCAN_OV7725_Eagle.o [1]
  .rodata              const    0x0000cffc    0x24  VCAN_OV7725_Eagle.o [1]
  .iar.init_table      const    0x0000d020    0x10  - Linker created -
  .rodata              const    0x0000d030    0x20  MK60_conf.o [1]
  .rodata              const    0x0000d050    0x20  VCAN_OV7725_Eagle.o [1]
  .text                ro code  0x0000d070    0x1a  cmain.o [5]
  .text                ro code  0x0000d08a     0x4  low_level_init.o [3]
  .text                ro code  0x0000d08e     0x4  exit.o [3]
  .text                ro code  0x0000d094     0xa  cexit.o [5]
  .text                ro code  0x0000d0a0     0xc  XXexit.o [5]
  .rodata              const    0x0000d0ac    0x18  VCAN_OV7725_Eagle.o [1]
  .rodata              const    0x0000d0c4    0x18  VCAN_OV7725_Eagle.o [1]
  .text                ro code  0x0000d0dc    0x16  xprout.o [3]
  .text                ro code  0x0000d0f4     0xc  putchar.o [3]
  .rodata              const    0x0000d100    0x14  MK60_conf.o [1]
  .rodata              const    0x0000d114    0x14  VCAN_OV7725_Eagle.o [1]
  .text                ro code  0x0000d128     0xc  cstartup_M.o [5]
  .rodata              const    0x0000d134     0x4  main.o [1]
  .rodata              const    0x0000d138     0x4  main.o [1]
  .rodata              const    0x0000d13c     0x4  main.o [1]
  .rodata              const    0x0000d140     0x4  main.o [1]
  .rodata              const    0x0000d144     0x4  main.o [1]
  .rodata              const    0x0000d148     0x4  main.o [1]
  .rodata              const    0x0000d14c     0x4  main.o [1]
  .rodata              const    0x0000d150     0x4  VCAN_LCD.o [1]
  .rodata              const    0x0000d154     0x4  VCAN_LCD.o [1]
  .rodata              const    0x0000d158     0x4  VCAN_LCD.o [1]
  .rodata              const    0x0000d15c     0x0  zero_init3.o [5]
  Initializer bytes    const    0x0000d15c    0x88  <for P2 s0>
                              - 0x0000d1e4  0xcdcc

"P2", part 1 of 3:                           0xb38
  .data                         0x1fff0410   0x948  <Block>
    .data-1                     0x1fff0410   0x948  <Init block>
      .data            inited   0x1fff0410    0x3c  main.o [1]
      .data            inited   0x1fff044c    0x3c  main.o [1]
      .data            inited   0x1fff0488    0x3c  main.o [1]
      .data            inited   0x1fff04c4     0x4  main.o [1]
      .data            inited   0x1fff04c8     0x4  main.o [1]
      .data            inited   0x1fff04cc     0x4  main.o [1]
      .data            inited   0x1fff04d0     0x4  main.o [1]
      .data            inited   0x1fff04d4     0x4  main.o [1]
      .data            inited   0x1fff04d8     0x8  MK60_adc.o [1]
      .data            inited   0x1fff04e0   0x708  MK60_conf.o [1]
      .data            inited   0x1fff0be8    0x10  MK60_ftm.o [1]
      .data            inited   0x1fff0bf8    0x14  MK60_gpio.o [1]
      .data            inited   0x1fff0c0c    0x58  MK60_mcg.o [1]
      .data            inited   0x1fff0c64     0x4  MK60_mcg.o [1]
      .data            inited   0x1fff0c68    0x14  MK60_port.o [1]
      .data            inited   0x1fff0c7c    0x18  MK60_uart.o [1]
      .data            inited   0x1fff0c94     0x8  VCAN_key.o [1]
      .data            inited   0x1fff0c9c     0x4  VCAN_LED.o [1]
      .data            inited   0x1fff0ca0    0x64  VCAN_OV7725_Eagle.o [1]
      .data            inited   0x1fff0d04    0x40  xfiles.o [3]
      .data            inited   0x1fff0d44     0x2  main.o [1]
      .data            inited   0x1fff0d46     0x2  main.o [1]
      .data            inited   0x1fff0d48     0x2  VCAN_LCD_ST7735S.o [1]
      .data            inited   0x1fff0d4a     0x2  VCAN_LCD_ST7735S.o [1]
      .data            inited   0x1fff0d4c     0x1  main.o [1]
      .data            inited   0x1fff0d4d     0x1  main.o [1]
      .data            inited   0x1fff0d4e     0x1  main.o [1]
      .data            inited   0x1fff0d4f     0x1  main.o [1]
      .data            inited   0x1fff0d50     0x1  main.o [1]
      .data            inited   0x1fff0d51     0x1  main.o [1]
      .data            inited   0x1fff0d52     0x1  main.o [1]
      .data            inited   0x1fff0d53     0x1  main.o [1]
      .data            inited   0x1fff0d54     0x1  main.o [1]
      .data            inited   0x1fff0d55     0x1  main.o [1]
      .data            inited   0x1fff0d56     0x1  VCAN_OV7725_Eagle.o [1]
      .data            inited   0x1fff0d57     0x1  VCAN_OV7725_Eagle.o [1]
  CodeRelocateRam               0x1fff0d58   0x1f0  <Block>
    CodeRelocateRam-1           0x1fff0d58   0x1f0  <Init block>
      Veneer           inited   0x1fff0d58     0x8  - Linker created -
      Veneer           inited   0x1fff0d60     0x8  - Linker created -
      .textrw          inited   0x1fff0d68   0x190  MK60_flash.o [1]
      .textrw          inited   0x1fff0ef8    0x50  MK60_mcg.o [1]
                              - 0x1fff0f48   0xb38

"P2", part 2 of 3:                          0x1ce8
  .bss                          0x1fff0f48  0x1ce8  <Block>
    .bss               zero     0x1fff0f48     0x8  main.o [1]
    .bss               zero     0x1fff0f50     0x8  main.o [1]
    .bss               zero     0x1fff0f58  0x12c0  main.o [1]
    .bss               zero     0x1fff2218   0x258  main.o [1]
    .bss               zero     0x1fff2470     0xc  main.o [1]
    .bss               zero     0x1fff247c     0x4  main.o [1]
    .bss               zero     0x1fff2480     0x4  main.o [1]
    .bss               zero     0x1fff2484     0x4  main.o [1]
    .bss               zero     0x1fff2488     0x4  main.o [1]
    .bss               zero     0x1fff248c     0x4  main.o [1]
    .bss               zero     0x1fff2490     0x4  main.o [1]
    .bss               zero     0x1fff2494     0xc  main.o [1]
    .bss               zero     0x1fff24a0     0xc  main.o [1]
    .bss               zero     0x1fff24ac     0x4  main.o [1]
    .bss               zero     0x1fff24b0     0x4  main.o [1]
    .bss               zero     0x1fff24b4     0x4  main.o [1]
    .bss               zero     0x1fff24b8     0x4  main.o [1]
    .bss               zero     0x1fff24bc     0x4  main.o [1]
    .bss               zero     0x1fff24c0     0x4  main.o [1]
    .bss               zero     0x1fff24c4     0x4  main.o [1]
    .bss               zero     0x1fff24c8     0x4  main.o [1]
    .bss               zero     0x1fff24cc     0x4  main.o [1]
    .bss               zero     0x1fff24d0     0x4  main.o [1]
    .bss               zero     0x1fff24d4     0x4  main.o [1]
    .bss               zero     0x1fff24d8    0xf0  main.o [1]
    .bss               zero     0x1fff25c8    0xf0  main.o [1]
    .bss               zero     0x1fff26b8    0xf0  main.o [1]
    .bss               zero     0x1fff27a8    0xf0  main.o [1]
    .bss               zero     0x1fff2898     0x4  main.o [1]
    .bss               zero     0x1fff289c     0x4  main.o [1]
    .bss               zero     0x1fff28a0    0xf0  main.o [1]
    .bss               zero     0x1fff2990    0xf0  main.o [1]
    .bss               zero     0x1fff2a80     0x4  main.o [1]
    .bss               zero     0x1fff2a84     0x4  main.o [1]
    .bss               zero     0x1fff2a88     0x4  main.o [1]
    .bss               zero     0x1fff2a8c     0x4  main.o [1]
    .bss               zero     0x1fff2a90     0x4  main.o [1]
    .bss               zero     0x1fff2a94     0x4  main.o [1]
    .bss               zero     0x1fff2a98     0x4  main.o [1]
    .bss               zero     0x1fff2a9c     0x4  main.o [1]
    .bss               zero     0x1fff2aa0    0x50  main.o [1]
    .bss               zero     0x1fff2af0     0x8  main.o [1]
    .bss               zero     0x1fff2af8     0x4  main.o [1]
    .bss               zero     0x1fff2afc    0x28  main.o [1]
    .bss               zero     0x1fff2b24    0x50  main.o [1]
    .bss               zero     0x1fff2b74    0x14  main.o [1]
    .bss               zero     0x1fff2b88     0x4  main.o [1]
    .bss               zero     0x1fff2b8c     0x4  main.o [1]
    .bss               zero     0x1fff2b90     0xc  main.o [1]
    .bss               zero     0x1fff2b9c    0x10  MK60_ftm.o [1]
    .bss               zero     0x1fff2bac     0x4  system_MK60DZ10.o [1]
    .bss               zero     0x1fff2bb0     0x4  system_MK60DZ10.o [1]
    .bss               zero     0x1fff2bb4     0x4  system_MK60DZ10.o [1]
    .bss               zero     0x1fff2bb8     0x4  VCAN_OV7725_Eagle.o [1]
    .bss               zero     0x1fff2bbc    0x50  xfiles.o [3]
    .bss               zero     0x1fff2c0c     0x2  main.o [1]
    .bss               zero     0x1fff2c0e     0x2  main.o [1]
    .bss               zero     0x1fff2c10     0x2  main.o [1]
    .bss               zero     0x1fff2c12     0x2  main.o [1]
    .bss               zero     0x1fff2c14     0x2  main.o [1]
    .bss               zero     0x1fff2c16     0x1  main.o [1]
    .bss               zero     0x1fff2c17     0x1  main.o [1]
    .bss               zero     0x1fff2c18     0x1  main.o [1]
    .bss               zero     0x1fff2c19     0x1  main.o [1]
    .bss               zero     0x1fff2c1a     0x1  main.o [1]
    .bss               zero     0x1fff2c1b     0x1  main.o [1]
    .bss               zero     0x1fff2c1c     0x1  main.o [1]
    .bss               zero     0x1fff2c1d     0x1  main.o [1]
    .bss               zero     0x1fff2c1e     0x1  main.o [1]
    .bss               zero     0x1fff2c1f     0x1  main.o [1]
    .bss               zero     0x1fff2c20     0x1  main.o [1]
    .bss               zero     0x1fff2c21     0x1  main.o [1]
    .bss               zero     0x1fff2c22     0x1  main.o [1]
    .bss               zero     0x1fff2c23     0x1  main.o [1]
    .bss               zero     0x1fff2c24     0x1  main.o [1]
    .bss               zero     0x1fff2c25     0x1  main.o [1]
    .bss               zero     0x1fff2c26     0x1  main.o [1]
    .bss               zero     0x1fff2c27     0x1  main.o [1]
    .bss               zero     0x1fff2c28     0x1  main.o [1]
    .bss               zero     0x1fff2c29     0x1  main.o [1]
    .bss               zero     0x1fff2c2a     0x1  main.o [1]
    .bss               zero     0x1fff2c2b     0x1  main.o [1]
    .bss               zero     0x1fff2c2c     0x1  main.o [1]
    .bss               zero     0x1fff2c2d     0x1  main.o [1]
    .bss               zero     0x1fff2c2e     0x1  VCAN_LCD_ST7735S.o [1]
                              - 0x1fff2c30  0x1ce8

"P2", part 3 of 3:                            0x88
  P2 s0                         0x1fff2c30    0x88  <Init block>
    __DLIB_PERTHREAD   inited   0x1fff2c30    0x88  localeconv.o [3]
                              - 0x1fff2cb8    0x88


*******************************************************************************
*** INIT TABLE
***

          Address     Size
          -------     ----
Zero (__iar_zero_init3)
    1 destination range, total size 0x1ce7:
          0x1fff0f48  0x1ce7



*******************************************************************************
*** MODULE SUMMARY
***

    Module                 ro code  rw code  ro data  rw data
    ------                 -------  -------  -------  -------
C:\Users\hhh\Desktop\新建文件夹 (2)\程序\程序\Prj\IAR\FX15_Debug\Obj: [1]
    MK60_PIT.o                 124                68
    MK60_SysTick.o             100                72
    MK60_adc.o                 696                76        8
    MK60_conf.o                324             1 948    1 800
    MK60_dma.o                 580                68
    MK60_flash.o                        400      468
    MK60_ftm.o               1 512                84       32
    MK60_gpio.o                296                88       20
    MK60_mcg.o                 980       80      172       92
    MK60_port.o                184                20       20
    MK60_uart.o                680                92       24
    MK60_wdog.o                 64
    VCAN_ASCII.o                               1 536
    VCAN_LCD.o               1 588                12
    VCAN_LCD_ST7735S.o       7 212                80        5
    VCAN_LED.o                 112                 4        4
    VCAN_OV7725_Eagle.o        564               274      106
    VCAN_SCCB.o                866
    VCAN_camera.o              148                 2
    VCAN_key.o                 156                 8        8
    main.o                  22 648               242    7 500
    misc.o                      80                64
    startup_MK60DZ10.o           8
    system_MK60DZ10.o          320                         12
    vectors.o                                  1 040
    ---------------------------------------------------------
    Total:                  39 242      480    6 418    9 631

command line: [2]
    ---------------------------------------------------------
    Total:

dl7M_tlf.a: [3]
    div.o                       14
    exit.o                       4
    localeconv.o               108               136      136
    low_level_init.o             4
    printf.o                    36
    putchar.o                   12
    xfiles.o                                      64      144
    xprintflarge_nomb.o      3 098
    xprout.o                    22
    xtls.o                       2
    ---------------------------------------------------------
    Total:                   3 300               200      280

m7M_tl.a: [4]
    DblAdd.o                   232
    DblCmpGe.o                  46
    DblCmpLe.o                  46
    DblDiv.o                   598
    DblMul.o                   418
    DblSub.o                   384
    DblToFlt.o                 144
    DblToI32.o                  88
    FltAdd.o                   132
    FltCmpGe.o                  36
    FltCmpLe.o                  36
    FltDiv.o                   252
    FltMul.o                   216
    FltSub.o                   230
    FltToDbl.o                  78
    FltToS32.o                  68
    I32ToDbl.o                  48
    I32ToFlt.o                  50
    atan.o                     148
    xatan.o                    480
    xdnorm.o                    68
    ---------------------------------------------------------
    Total:                   3 798

rt7M_tl.a: [5]
    ABImemcpy_unaligned.o      118
    I64DivMod.o                238
    I64DivZer.o                  2
    XXexit.o                    12
    cexit.o                     10
    cmain.o                     26
    cstartup_M.o                12
    data_init.o                 40
    memchr.o                    88
    strchr.o                    22
    strlen.o                    54
    zero_init3.o                64
    ---------------------------------------------------------
    Total:                     686

    Gaps                        32
    Linker created              24       16       32
-------------------------------------------------------------
    Grand Total:            47 082      496    6 650    9 911


*******************************************************************************
*** ENTRY LIST
***

Entry                      Address    Size  Type      Object
-----                      -------    ----  ----      ------
.bss$$Base              0x1fff0f48           --   Gb  - Linker created -
.bss$$Limit             0x1fff2c30           --   Gb  - Linker created -
.data$$Base             0x1fff0410           --   Gb  - Linker created -
.data$$Limit            0x1fff0d58           --   Gb  - Linker created -
.data_init$$Base        0x0000b618           --   Gb  - Linker created -
.data_init$$Limit       0x0000bf60           --   Gb  - Linker created -
.iar.init_table$$Base   0x0000d020           --   Gb  - Linker created -
.iar.init_table$$Limit  0x0000d030           --   Gb  - Linker created -
?main                   0x0000d071          Code  Gb  cmain.o [5]
ADCN                    0x1fff04d8     0x8  Data  Gb  MK60_adc.o [1]
AD_B_MAX                0x1fff0d50     0x1  Data  Gb  main.o [1]
AD_B_MIN                0x1fff0d51     0x1  Data  Gb  main.o [1]
AD_F_MAX                0x1fff0d4e     0x1  Data  Gb  main.o [1]
AD_F_MIN                0x1fff0d4f     0x1  Data  Gb  main.o [1]
AD_GYH                  0x1fff2af8     0x4  Data  Gb  main.o [1]
AD_GYH_A                0x1fff2b24    0x50  Data  Gb  main.o [1]
AD_GYH_C                0x1fff2afc    0x28  Data  Gb  main.o [1]
AD_L_MAX                0x1fff0d52     0x1  Data  Gb  main.o [1]
AD_L_MIN                0x1fff0d53     0x1  Data  Gb  main.o [1]
AD_R_MAX                0x1fff0d54     0x1  Data  Gb  main.o [1]
AD_R_MIN                0x1fff0d55     0x1  Data  Gb  main.o [1]
AD_average              0x1fff2af0     0x8  Data  Gb  main.o [1]
AD_data                 0x1fff2aa0    0x50  Data  Gb  main.o [1]
ASSERT_FAILED_STR       0x0000cfb4    0x24  Data  Gb  MK60_conf.o [1]
Atan                    0x00005c17    0x2e  Code  Gb  main.o [1]
BZ                      0x1fff2c2b     0x1  Data  Gb  main.o [1]
BZ_dianci               0x1fff2c2c     0x1  Data  Gb  main.o [1]
BZ_duty                 0x1fff2c10     0x2  Data  Gb  main.o [1]
Ch_Sh_Bo                0x0000297d   0x252  Code  Gb  main.o [1]
CodeRelocate$$Base      0x0000c93c           --   Gb  - Linker created -
CodeRelocate$$Limit     0x0000cb2c           --   Gb  - Linker created -
CodeRelocateRam$$Base   0x1fff0d58           --   Gb  - Linker created -
CodeRelocateRam$$Limit  0x1fff0f48           --   Gb  - Linker created -
DIYH_flag_CL            0x1fff2c24     0x1  Data  Gb  main.o [1]
DIYH_flag_CR            0x1fff2c23     0x1  Data  Gb  main.o [1]
DIYH_flag_L             0x1fff2c22     0x1  Data  Gb  main.o [1]
DIYH_flag_R             0x1fff2c21     0x1  Data  Gb  main.o [1]
DMA0_IRQHandler         0x00005bdf     0x8  Code  Gb  main.o [1]
Daolu_WaodaoV           0x1fff2c27     0x1  Data  Gb  main.o [1]
Dianci_YuHU             0x00004e6d   0xb92  Code  Gb  main.o [1]
FTMN                    0x1fff0be8    0x10  Data  Gb  MK60_ftm.o [1]
FTM_port_mux            0x00005c91   0x1ac  Code  Lc  MK60_ftm.o [1]
GPIOX                   0x1fff0bf8    0x14  Data  Gb  MK60_gpio.o [1]
GYH                     0x00005a09    0x9a  Code  Gb  main.o [1]
GetVoltage              0x000048f1   0x4bc  Code  Gb  main.o [1]
KD                      0x1fff04c8     0x4  Data  Gb  main.o [1]
KDV                     0x1fff04d4     0x4  Data  Gb  main.o [1]
KEY_PTxn                0x1fff0c94     0x8  Data  Gb  VCAN_key.o [1]
KP                      0x1fff04c4     0x4  Data  Gb  main.o [1]
KP1                     0x1fff04cc     0x4  Data  Gb  main.o [1]
KPV                     0x1fff04d0     0x4  Data  Gb  main.o [1]
LCD_Img_Binary_Z        0x00007271   0x16a  Code  Gb  VCAN_LCD.o [1]
LCD_ST7735S_dir         0x000095b7   0xa0c  Code  Gb  VCAN_LCD_ST7735S.o [1]
LCD_ST7735S_init        0x000085f9   0xfbe  Code  Gb  VCAN_LCD_ST7735S.o [1]
LCD_ST7735S_ptlon       0x00009fd9   0x21c  Code  Gb  VCAN_LCD_ST7735S.o [1]
LCD_char                0x00006fb1   0x1c0  Code  Gb  VCAN_LCD.o [1]
LCD_init                0x00006dcd    0x2c  Code  Gb  VCAN_LCD.o [1]
LCD_num_BC              0x00007171   0x100  Code  Gb  VCAN_LCD.o [1]
LCD_point               0x00006ecb    0xc0  Code  Gb  VCAN_LCD.o [1]
LCD_points              0x00006f8b    0x26  Code  Gb  VCAN_LCD.o [1]
LCD_rectangle           0x00006df9    0xd2  Code  Gb  VCAN_LCD.o [1]
LED_PTxn                0x1fff0c9c     0x4  Data  Gb  VCAN_LED.o [1]
LoadInt                 0x0000acc3    0x6e  Code  Lc  xprintflarge_nomb.o [3]
NVIC_DisableIRQ         0x00000453    0x16  Code  Lc  main.o [1]
NVIC_DisableIRQ         0x00007415    0x14  Code  Lc  VCAN_OV7725_Eagle.o [1]
NVIC_EnableIRQ          0x0000043d    0x16  Code  Lc  main.o [1]
NVIC_EnableIRQ          0x000067c1    0x16  Code  Lc  MK60_uart.o [1]
NVIC_EnableIRQ          0x00007401    0x14  Code  Lc  VCAN_OV7725_Eagle.o [1]
NVIC_SetPriority        0x00000469    0x2a  Code  Lc  main.o [1]
NVIC_SetPriorityGrouping
                        0x00000419    0x24  Code  Lc  main.o [1]
NVIC_SystemReset        0x00008451    0x1a  Code  Lc  MK60_conf.o [1]
PIT0_IRQHandler2        0x0000060f    0x4a  Code  Gb  main.o [1]
PIT0_IRQHandler2::js    0x1fff2c2d     0x1  Data  Lc  main.o [1]
PIT2_Flag               0x1fff2c2a     0x1  Data  Gb  main.o [1]
PORTA_IRQHandler        0x00005bb5    0x2a  Code  Gb  main.o [1]
PORTX                   0x1fff0c68    0x14  Data  Gb  MK60_port.o [1]
QieHuan                 0x00002445   0x534  Code  Gb  main.o [1]
QieHuan_Flag            0x1fff2c28     0x1  Data  Gb  main.o [1]
Region$$Table$$Base     0x0000d020           --   Gb  - Linker created -
Region$$Table$$Limit    0x0000d030           --   Gb  - Linker created -
Reset_Handler           0x00000411          Code  Gb  startup_MK60DZ10.o [1]
SCCB_Ack                0x00006b3d    0x3c  Code  Lc  VCAN_SCCB.o [1]
SCCB_GPIO_init          0x00006a83    0x28  Code  Gb  VCAN_SCCB.o [1]
SCCB_NoAck              0x00006b79    0x3c  Code  Lc  VCAN_SCCB.o [1]
SCCB_ReadByte           0x00006d19    0x2c  Code  Gb  VCAN_SCCB.o [1]
SCCB_ReadByte_one       0x00006d45    0x86  Code  Lc  VCAN_SCCB.o [1]
SCCB_ReceiveByte        0x00006c45    0x54  Code  Lc  VCAN_SCCB.o [1]
SCCB_SendByte           0x00006c01    0x44  Code  Lc  VCAN_SCCB.o [1]
SCCB_Start              0x00006aab    0x5e  Code  Lc  VCAN_SCCB.o [1]
SCCB_Stop               0x00006b09    0x34  Code  Lc  VCAN_SCCB.o [1]
SCCB_WaitAck            0x00006bb5    0x4c  Code  Lc  VCAN_SCCB.o [1]
SCCB_WriteByte          0x00006ca9    0x28  Code  Gb  VCAN_SCCB.o [1]
SCCB_WriteByte_one      0x00006cd1    0x48  Code  Lc  VCAN_SCCB.o [1]
SCCB_delay              0x00006a69    0x1a  Code  Lc  VCAN_SCCB.o [1]
ST7735S_get_h           0x0000a1f5     0x6  Code  Gb  VCAN_LCD_ST7735S.o [1]
ST7735S_get_w           0x0000a1fb     0x6  Code  Gb  VCAN_LCD_ST7735S.o [1]
SpeedKD_left            0x1fff2484     0x4  Data  Gb  main.o [1]
SpeedKD_right           0x1fff2490     0x4  Data  Gb  main.o [1]
SpeedKI_left            0x1fff2480     0x4  Data  Gb  main.o [1]
SpeedKI_right           0x1fff248c     0x4  Data  Gb  main.o [1]
SpeedKP_left            0x1fff247c     0x4  Data  Gb  main.o [1]
SpeedKP_right           0x1fff2488     0x4  Data  Gb  main.o [1]
TOF_1020                0x00000787    0x8a  Code  Gb  main.o [1]
UARTN                   0x1fff0c7c    0x18  Data  Gb  MK60_uart.o [1]
VW_L                    0x1fff2c25     0x1  Data  Gb  main.o [1]
VW_R                    0x1fff2c26     0x1  Data  Gb  main.o [1]
_GenldLargeNoMb         0x0000b0bb   0x23e  Code  Lc  xprintflarge_nomb.o [3]
_LdtobLargeNoMb         0x0000ae3d   0x278  Code  Lc  xprintflarge_nomb.o [3]
_LitobLargeNoMb         0x0000ad31   0x10a  Code  Lc  xprintflarge_nomb.o [3]
_Locale_aeabi_lconv     0x1fff2c80    0x38  Data  Gb  localeconv.o [3]
_Locale_lconv           0x1fff2c30    0x50  Data  Gb  localeconv.o [3]
_PrintfLargeNoMb        0x0000a729   0x594  Code  Gb  xprintflarge_nomb.o [3]
_Prout                  0x0000d0dd    0x16  Code  Gb  xprout.o [3]
_PutcharsLargeNoMb      0x0000b2f9    0x2e  Code  Lc  xprintflarge_nomb.o [3]
__BOOT_STACK_ADDRESS {Abs}
                        0x2000fff8          Data  Gb  command line/config [2]
__VECTOR_RAM {Abs}      0x1fff0000          Data  Gb  command line/config [2]
__VECTOR_TABLE {Abs}    0x00000000          Data  Gb  command line/config [2]
__aeabi_cdcmple         0x000082a1          Code  Gb  DblCmpLe.o [4]
__aeabi_cdrcmple        0x00008271          Code  Gb  DblCmpGe.o [4]
__aeabi_cfcmple         0x00007ac9          Code  Gb  FltCmpLe.o [4]
__aeabi_cfrcmple        0x000082d1          Code  Gb  FltCmpGe.o [4]
__aeabi_d2f             0x00008011          Code  Gb  DblToFlt.o [4]
__aeabi_d2iz            0x00007a71          Code  Gb  DblToI32.o [4]
__aeabi_d2uiz           0x00007a9d          Code  Gb  DblToI32.o [4]
__aeabi_dadd            0x00007cd1          Code  Gb  DblAdd.o [4]
__aeabi_ddiv            0x00007db9          Code  Gb  DblDiv.o [4]
__aeabi_dmul            0x000078cd          Code  Gb  DblMul.o [4]
__aeabi_dsub            0x000080f1          Code  Gb  DblSub.o [4]
__aeabi_f2d             0x000080a1          Code  Gb  FltToDbl.o [4]
__aeabi_f2iz            0x00007859          Code  Gb  FltToS32.o [4]
__aeabi_fadd            0x000077d5          Code  Gb  FltAdd.o [4]
__aeabi_fdiv            0x00007bd5          Code  Gb  FltDiv.o [4]
__aeabi_fmul            0x000076fd          Code  Gb  FltMul.o [4]
__aeabi_fsub            0x00007aed          Code  Gb  FltSub.o [4]
__aeabi_i2d             0x0000789d          Code  Gb  I32ToDbl.o [4]
__aeabi_i2f             0x000076c9          Code  Gb  I32ToFlt.o [4]
__aeabi_ldiv0           0x0000b615          Code  Gb  I64DivZer.o [5]
__aeabi_ui2d            0x000078b1          Code  Gb  I32ToDbl.o [4]
__aeabi_ui2f            0x000076dd          Code  Gb  I32ToFlt.o [4]
__aeabi_uldivmod        0x0000b3ed          Code  Gb  I64DivMod.o [5]
__cmain                 0x0000d071          Code  Gb  cmain.o [5]
__code_start__ {Abs}    0x00000410          Data  Gb  command line/config [2]
__exit                  0x0000d0a1          Code  Gb  XXexit.o [5]
__iar_Atan              0x0000a4d9   0x148  Code  Gb  xatan.o [4]
__iar_Dnorm             0x0000b553    0x44  Code  Gb  xdnorm.o [4]
__iar_Locale_lconv_init
                        0x0000b599    0x3a  Code  Gb  localeconv.o [3]
__iar_Memchr            0x0000b395          Code  Gb  memchr.o [5]
__iar_Stdout            0x1fff0d04    0x40  Data  Gb  xfiles.o [3]
__iar_Strchr            0x0000b345          Code  Gb  strchr.o [5]
__iar_d2uiz             0x00007aa9          Code  Gb  DblToI32.o [4]
__iar_dadd              0x00007ce5          Code  Gb  DblAdd.o [4]
__iar_data_init3        0x0000cf8d    0x28  Code  Gb  data_init.o [5]
__iar_dlib_perthread_access
                        0x0000b617     0x2  Code  Gb  xtls.o [3]
__iar_dsub              0x00008105          Code  Gb  DblSub.o [4]
__iar_dsubStart         0x00008117          Code  Gb  DblSub.o [4]
__iar_fadd              0x000077e5          Code  Gb  FltAdd.o [4]
__iar_fsub              0x00007afd          Code  Gb  FltSub.o [4]
__iar_fsubStart         0x00007b0d          Code  Gb  FltSub.o [4]
__iar_program_start     0x0000d129          Code  Gb  cstartup_M.o [5]
__iar_ui2d              0x000078b5          Code  Gb  I32ToDbl.o [4]
__iar_ui2f              0x000076e1          Code  Gb  I32ToFlt.o [4]
__iar_unaligned___aeabi_memcpy
                        0x0000b4dd          Code  Gb  ABImemcpy_unaligned.o [5]
__iar_unaligned___aeabi_memcpy4
                        0x0000b4fd          Code  Gb  ABImemcpy_unaligned.o [5]
__iar_unaligned___aeabi_memcpy8
                        0x0000b4fd          Code  Gb  ABImemcpy_unaligned.o [5]
__iar_zero_init3        0x0000cf11    0x40  Code  Gb  zero_init3.o [5]
__low_level_init        0x0000d08b     0x4  Code  Gb  low_level_init.o [3]
__vector_table          0x00000000   0x410  Data  Gb  vectors.o [1]
_call_main              0x0000d07d          Code  Gb  cmain.o [5]
_exit                   0x0000d095          Code  Gb  cexit.o [5]
_main                   0x0000d087          Code  Gb  cmain.o [5]
a                       0x0000a678    0x40  Data  Lc  xatan.o [4]
adc_init                0x00006279   0x20e  Code  Gb  MK60_adc.o [1]
adc_once                0x00006487    0x50  Code  Gb  MK60_adc.o [1]
adc_start               0x000064d7    0x44  Code  Lc  MK60_adc.o [1]
ascii_8x16              0x0000bf60   0x600  Data  Gb  VCAN_ASCII.o [1]
assert_failed           0x0000846b    0x26  Code  Gb  MK60_conf.o [1]
atan                    0x000082f5    0x94  Code  Gb  atan.o [4]
ave                     0x1fff24c8     0x4  Data  Gb  main.o [1]
bizhang_gc              0x00005abd    0xf8  Code  Gb  main.o [1]
bus_clk_khz             0x1fff2bb4     0x4  Data  Gb  system_MK60DZ10.o [1]
chuan                   0x1fff2b74    0x14  Data  Gb  main.o [1]
common_startup          0x0000cb97    0x98  Code  Gb  system_MK60DZ10.o [1]
core_clk_khz            0x1fff2bac     0x4  Data  Gb  system_MK60DZ10.o [1]
core_clk_mhz            0x1fff2bb0     0x4  Data  Gb  system_MK60DZ10.o [1]
daolu_fenxi             0x00002cad   0x3c8  Code  Gb  main.o [1]
default_isr             0x0000853f    0x34  Code  Gb  MK60_conf.o [1]
dianji_7_2              0x00004491   0x2f4  Code  Gb  main.o [1]
dianji_Left_7_2         0x00003d99   0x370  Code  Gb  main.o [1]
dianji_Right_7_2        0x00004115   0x364  Code  Gb  main.o [1]
dianji_left_speed       0x1fff24ac     0x4  Data  Gb  main.o [1]
dianji_right_speed      0x1fff24b0     0x4  Data  Gb  main.o [1]
disu_duoji              0x00004785    0xb2  Code  Gb  main.o [1]
div                     0x0000b605     0xe  Code  Gb  div.o [3]
dma_gpio_input_init     0x0000a225    0x60  Code  Lc  MK60_dma.o [1]
dma_portx2buff_init     0x0000a285   0x1b0  Code  Gb  MK60_dma.o [1]
duo_ji_SX               0x1fff0d4c     0x1  Data  Gb  main.o [1]
duo_ji_XX               0x1fff0d4d     0x1  Data  Gb  main.o [1]
duoji                   0x000031dd   0x22a  Code  Gb  main.o [1]
duoji_K1                0x1fff24cc     0x4  Data  Gb  main.o [1]
duoji_K2                0x1fff24d0     0x4  Data  Gb  main.o [1]
duoji_V                 0x0000342d   0x75a  Code  Gb  main.o [1]
duoji_duty              0x1fff0d44     0x2  Data  Gb  main.o [1]
duoji_duty_K            0x1fff2c0c     0x2  Data  Gb  main.o [1]
duoji_duty_V            0x1fff0d46     0x2  Data  Gb  main.o [1]
duoji_error             0x1fff24b8     0x4  Data  Gb  main.o [1]
duoji_errorV            0x1fff24c0     0x4  Data  Gb  main.o [1]
duoji_error_hunhe       0x1fff24d4     0x4  Data  Gb  main.o [1]
duoji_last_dutyV        0x1fff2c0e     0x2  Data  Gb  main.o [1]
duoji_last_error        0x1fff24b4     0x4  Data  Gb  main.o [1]
duoji_last_errorV       0x1fff24bc     0x4  Data  Gb  main.o [1]
exit                    0x0000d08f     0x4  Code  Gb  exit.o [3]
flash_cmd               0x1fff0d69    0x20  Code  Gb  MK60_flash.o [1]
flash_erase_sector      0x1fff0dad    0x5c  Code  Gb  MK60_flash.o [1]
flash_init              0x1fff0d89    0x24  Code  Gb  MK60_flash.o [1]
flash_write             0x1fff0e09    0xb4  Code  Gb  MK60_flash.o [1]
fputc                   0x00008491    0x14  Code  Gb  MK60_conf.o [1]
ftm_mod                 0x1fff2b9c    0x10  Data  Lc  MK60_ftm.o [1]
ftm_pwm_duty            0x00005feb   0x118  Code  Gb  MK60_ftm.o [1]
ftm_pwm_init            0x00005e3d   0x1ae  Code  Gb  MK60_ftm.o [1]
ftm_quad_clean          0x00006235    0x28  Code  Gb  MK60_ftm.o [1]
ftm_quad_get            0x00006209    0x2c  Code  Gb  MK60_ftm.o [1]
ftm_quad_init           0x00006103   0x106  Code  Gb  MK60_ftm.o [1]
gpio_get                0x00006617    0x3a  Code  Gb  MK60_gpio.o [1]
gpio_init               0x00006531    0xae  Code  Gb  MK60_gpio.o [1]
gpio_turn               0x000065df    0x38  Code  Gb  MK60_gpio.o [1]
huamid                  0x00003b8d   0x114  Code  Gb  main.o [1]
huandao1CL              0x000020dd   0x170  Code  Gb  main.o [1]
huandao1CR              0x00001f5f   0x17e  Code  Gb  main.o [1]
huandao2_1_L            0x000016e9   0x426  Code  Gb  main.o [1]
huandao2_1_R            0x00001b1d   0x442  Code  Gb  main.o [1]
huandaoLB               0x1fff2a88     0x4  Data  Gb  main.o [1]
huandaoLK               0x1fff2a80     0x4  Data  Gb  main.o [1]
huandaoRB               0x1fff2a8c     0x4  Data  Gb  main.o [1]
huandaoRK               0x1fff2a84     0x4  Data  Gb  main.o [1]
hudao1CLF               0x1fff2c1e     0x1  Data  Gb  main.o [1]
hudao1CRF               0x1fff2c1f     0x1  Data  Gb  main.o [1]
hudao2RLF               0x1fff2c1c     0x1  Data  Gb  main.o [1]
hudao2RRF               0x1fff2c1d     0x1  Data  Gb  main.o [1]
hudaoRL                 0x0000224d    0xde  Code  Gb  main.o [1]
hudaoRR                 0x0000232b    0xf4  Code  Gb  main.o [1]
img                     0x1fff0f58  0x12c0  Data  Gb  main.o [1]
img_extract             0x00007635    0x94  Code  Gb  VCAN_camera.o [1]
imgbuff                 0x1fff2218   0x258  Data  Gb  main.o [1]
key_check               0x000066c5    0x2a  Code  Gb  VCAN_key.o [1]
key_get                 0x000066ab    0x1a  Code  Gb  VCAN_key.o [1]
key_init                0x00006659    0x52  Code  Gb  VCAN_key.o [1]
lcd_camera_init         0x00004861    0x24  Code  Gb  main.o [1]
lcd_display             0x00004837    0x2a  Code  Gb  main.o [1]
led_init                0x0000a6b9    0x3a  Code  Gb  VCAN_LED.o [1]
led_turn                0x0000a6f3    0x32  Code  Gb  VCAN_LED.o [1]
left_E                  0x1fff2494     0xc  Data  Gb  main.o [1]
left_currve_flag        0x1fff2c19     0x1  Data  Gb  main.o [1]
left_loss_line          0x1fff2c17     0x1  Data  Gb  main.o [1]
left_speed              0x1fff0f50     0x8  Data  Gb  main.o [1]
length_val              0x1fff2b90     0xc  Data  Gb  main.o [1]
localeconv              0x0000b5d3    0x16  Code  Gb  localeconv.o [3]
m_sqrt                  0x00005be7    0x30  Code  Gb  main.o [1]
main                    0x00000493   0x17c  Code  Gb  main.o [1]
mcg_cfg                 0x1fff0c0c    0x58  Data  Gb  MK60_mcg.o [1]
mcg_div                 0x1fff0c64     0x4  Data  Gb  MK60_mcg.o [1]
mcg_div_count           0x0000c569   0x304  Code  Gb  MK60_mcg.o [1]
memchr                  0x0000b395          Code  Gb  memchr.o [5]
mid                     0x1fff24d8    0xf0  Data  Gb  main.o [1]
mid1                    0x1fff25c8    0xf0  Data  Gb  main.o [1]
mid_L_line              0x1fff26b8    0xf0  Data  Gb  main.o [1]
mid_L_line_last         0x1fff2898     0x4  Data  Gb  main.o [1]
mid_R_line              0x1fff27a8    0xf0  Data  Gb  main.o [1]
mid_R_line_last         0x1fff289c     0x4  Data  Gb  main.o [1]
midline                 0x00000869   0xe00  Code  Gb  main.o [1]
obuf                    0x1fff2bbc    0x50  Data  Lc  xfiles.o [3]
ov7725_eagle_cfgnum     0x1fff0d57     0x1  Data  Gb  VCAN_OV7725_Eagle.o [1]
ov7725_eagle_dma        0x000074e1    0x14  Code  Gb  VCAN_OV7725_Eagle.o [1]
ov7725_eagle_get_img    0x000074f5    0x42  Code  Gb  VCAN_OV7725_Eagle.o [1]
ov7725_eagle_img_buff   0x1fff2bb8     0x4  Data  Gb  VCAN_OV7725_Eagle.o [1]
ov7725_eagle_img_flag   0x1fff0d56     0x1  Data  Gb  VCAN_OV7725_Eagle.o [1]
ov7725_eagle_init       0x00007429    0x18  Code  Gb  VCAN_OV7725_Eagle.o [1]
ov7725_eagle_port_init  0x00007441    0x54  Code  Lc  VCAN_OV7725_Eagle.o [1]
ov7725_eagle_reg        0x1fff0ca0    0x64  Data  Gb  VCAN_OV7725_Eagle.o [1]
ov7725_eagle_reg_init   0x00007537    0xb2  Code  Lc  VCAN_OV7725_Eagle.o [1]
ov7725_eagle_vsync      0x00007495    0x4c  Code  Gb  VCAN_OV7725_Eagle.o [1]
panduanL                0x1fff28a0    0xf0  Data  Gb  main.o [1]
panduanR                0x1fff2990    0xf0  Data  Gb  main.o [1]
pit_init                0x000066f5    0x6c  Code  Gb  MK60_PIT.o [1]
pll_init                0x0000c86d    0xb2  Code  Gb  MK60_mcg.o [1]
podao                   0x00002bcf    0xc2  Code  Gb  main.o [1]
podao_Flag              0x1fff2c29     0x1  Data  Gb  main.o [1]
port_init               0x00008389    0x48  Code  Gb  MK60_port.o [1]
port_init_NoALT         0x000083d1    0x66  Code  Gb  MK60_port.o [1]
printf                  0x0000a469    0x24  Code  Gb  printf.o [3]
putchar                 0x0000d0f5     0xc  Code  Gb  putchar.o [3]
right_E                 0x1fff24a0     0xc  Data  Gb  main.o [1]
right_currve_flag       0x1fff2c1a     0x1  Data  Gb  main.o [1]
right_loss_line         0x1fff2c18     0x1  Data  Gb  main.o [1]
right_speed             0x1fff0f48     0x8  Data  Gb  main.o [1]
rxcnt                   0x1fff2b8c     0x4  Data  Gb  main.o [1]
rxflag                  0x1fff2b88     0x4  Data  Gb  main.o [1]
set_sys_dividers        0x1fff0ef9    0x50  Code  Gb  MK60_mcg.o [1]
set_vector_handler      0x00006793    0x22  Code  Gb  misc.o [1]
shiziL_B                0x1fff2a98     0x4  Data  Gb  main.o [1]
shiziL_K                0x1fff2a90     0x4  Data  Gb  main.o [1]
shiziR_B                0x1fff2a9c     0x4  Data  Gb  main.o [1]
shiziR_K                0x1fff2a94     0x4  Data  Gb  main.o [1]
shziF1                  0x1fff2c20     0x1  Data  Gb  main.o [1]
st7735s_dir             0x1fff2c2e     0x1  Data  Gb  VCAN_LCD_ST7735S.o [1]
st7735s_h               0x1fff0d48     0x2  Data  Gb  VCAN_LCD_ST7735S.o [1]
st7735s_w               0x1fff0d4a     0x2  Data  Gb  VCAN_LCD_ST7735S.o [1]
start                   0x0000cb2d    0x2e  Code  Gb  system_MK60DZ10.o [1]
start_check             0x000084a5    0x9a  Code  Gb  MK60_conf.o [1]
straig_Lline            0x1fff0410    0x3c  Data  Gb  main.o [1]
straig_Rline            0x1fff044c    0x3c  Data  Gb  main.o [1]
strchr                  0x0000b345          Code  Gb  strchr.o [5]
strlen                  0x0000b35d          Code  Gb  strlen.o [5]
sum                     0x1fff24c4     0x4  Data  Gb  main.o [1]
sysinit                 0x0000cb5b    0x3c  Code  Gb  system_MK60DZ10.o [1]
systick_delay           0x00008595    0x36  Code  Gb  MK60_SysTick.o [1]
systick_delay_ms        0x000085cb    0x18  Code  Gb  MK60_SysTick.o [1]
tiqianCL                0x0000308d   0x138  Code  Gb  main.o [1]
uart0_test_handler      0x00000659   0x12e  Code  Gb  main.o [1]
uart_getchar            0x000069eb    0x1e  Code  Gb  MK60_uart.o [1]
uart_init               0x000067d7   0x214  Code  Gb  MK60_uart.o [1]
uart_putchar            0x00006a09    0x1a  Code  Gb  MK60_uart.o [1]
uart_rx_irq_en          0x00006a23    0x2a  Code  Gb  MK60_uart.o [1]
ucRxBuffer              0x1fff2470     0xc  Data  Gb  main.o [1]
ucRxCnt                 0x1fff2c16     0x1  Data  Gb  main.o [1]
val_left                0x1fff2c12     0x2  Data  Gb  main.o [1]
val_right               0x1fff2c14     0x2  Data  Gb  main.o [1]
vector_str              0x1fff04e0   0x708  Data  Gb  MK60_conf.o [1]
wdog_disable            0x0000cc6d    0x16  Code  Gb  MK60_wdog.o [1]
wdog_unlock             0x0000cc83    0x20  Code  Lc  MK60_wdog.o [1]
write_vtor              0x00006771    0x22  Code  Gb  misc.o [1]
xz1                     0x1fff0488    0x3c  Data  Gb  main.o [1]
zhidao_flag             0x1fff2c1b     0x1  Data  Gb  main.o [1]


[1] = C:\Users\hhh\Desktop\新建文件夹 (2)\程序\程序\Prj\IAR\FX15_Debug\Obj
[2] = command line
[3] = dl7M_tlf.a
[4] = m7M_tl.a
[5] = rt7M_tl.a

  47 082 bytes of readonly  code memory
     496 bytes of readwrite code memory
   6 650 bytes of readonly  data memory
   9 911 bytes of readwrite data memory

Errors: none
Warnings: none
